
[1m[46m RUN [49m[22m [36mv4.0.16 [39m[90m/Users/shin.sekaryo/ghq/github.com/seka/fish-auction/frontend[39m

 [32m✓[39m app/admin/_hooks/useAdmin.test.tsx [2m([22m[2m5 tests[22m[2m)[22m[32m 132[2mms[22m[39m
 [32m✓[39m app/admin/settings/page.test.tsx [2m([22m[2m3 tests[22m[2m)[22m[32m 210[2mms[22m[39m
 [32m✓[39m app/admin/venues/page.test.tsx [2m([22m[2m3 tests[22m[2m)[22m[32m 232[2mms[22m[39m
 [32m✓[39m app/admin/_components/organisms/Sidebar.test.tsx [2m([22m[2m2 tests[22m[2m)[22m[32m 289[2mms[22m[39m
 [32m✓[39m app/login/page.test.tsx [2m([22m[2m3 tests[22m[2m)[22m[33m 302[2mms[22m[39m
 [32m✓[39m app/admin/auctions/page.test.tsx [2m([22m[2m6 tests[22m[2m)[22m[33m 364[2mms[22m[39m
 [32m✓[39m app/page.test.tsx [2m([22m[2m2 tests[22m[2m)[22m[33m 379[2mms[22m[39m
     [33m[2m✓[22m[39m renders links to admin and auctions [33m 339[2mms[22m[39m
 [32m✓[39m app/signup/page.test.tsx [2m([22m[2m5 tests[22m[2m)[22m[33m 463[2mms[22m[39m
 [32m✓[39m app/auctions/[id]/page.test.tsx [2m([22m[2m10 tests[22m[2m)[22m[33m 510[2mms[22m[39m
 [32m✓[39m app/admin/fishermen/page.test.tsx [2m([22m[2m6 tests[22m[2m)[22m[32m 167[2mms[22m[39m
 [32m✓[39m src/core/ui/atoms/input.test.tsx [2m([22m[2m4 tests[22m[2m)[22m[32m 120[2mms[22m[39m
 [32m✓[39m app/auctions/page.test.tsx [2m([22m[2m6 tests[22m[2m)[22m[32m 181[2mms[22m[39m
 [32m✓[39m src/core/ui/atoms/button.test.tsx [2m([22m[2m4 tests[22m[2m)[22m[32m 256[2mms[22m[39m
 [32m✓[39m src/core/ui/atoms/select.test.tsx [2m([22m[2m2 tests[22m[2m)[22m[32m 192[2mms[22m[39m
 [32m✓[39m app/admin/buyers/page.test.tsx [2m([22m[2m4 tests[22m[2m)[22m[32m 176[2mms[22m[39m
 [32m✓[39m src/core/ui/atoms/text.test.tsx [2m([22m[2m4 tests[22m[2m)[22m[32m 188[2mms[22m[39m
 [32m✓[39m src/core/ui/molecules/table.test.tsx [2m([22m[2m1 test[22m[2m)[22m[32m 203[2mms[22m[39m
 [32m✓[39m app/admin/items/page.test.tsx [2m([22m[2m2 tests[22m[2m)[22m[32m 296[2mms[22m[39m
 [32m✓[39m app/auctions/[id]/_hooks/useAuctionData.test.tsx [2m([22m[2m1 test[22m[2m)[22m[32m 76[2mms[22m[39m
 [32m✓[39m app/auctions/_hooks/usePublicVenues.test.tsx [2m([22m[2m1 test[22m[2m)[22m[32m 69[2mms[22m[39m
 [32m✓[39m app/mypage/page.test.tsx [2m([22m[2m9 tests[22m[2m)[22m[32m 84[2mms[22m[39m
 [32m✓[39m app/mypage/_hooks/useMyPage.test.tsx [2m([22m[2m4 tests[22m[2m)[22m[32m 39[2mms[22m[39m
 [32m✓[39m app/admin/page.test.tsx [2m([22m[2m2 tests[22m[2m)[22m[32m 43[2mms[22m[39m
[90mstdout[2m | app/_components/templates/MainLayoutTemplate.test.tsx[2m > [22m[2mMainLayoutTemplate[2m > [22m[2mrenders children correctly
[22m[39mToastContainer rendering. Toasts count: [33m0[39m

[90mstdout[2m | app/_components/templates/MainLayoutTemplate.test.tsx[2m > [22m[2mMainLayoutTemplate[2m > [22m[2mrenders the navbar correctly
[22m[39mToastContainer rendering. Toasts count: [33m0[39m

 [32m✓[39m app/_components/templates/MainLayoutTemplate.test.tsx [2m([22m[2m2 tests[22m[2m)[22m[32m 49[2mms[22m[39m
 [32m✓[39m app/_components/organisms/PublicNavbar.test.tsx [2m([22m[2m4 tests[22m[2m)[22m[32m 53[2mms[22m[39m
 [32m✓[39m app/admin/invoice/page.test.tsx [2m([22m[2m5 tests[22m[2m)[22m[32m 108[2mms[22m[39m
 [32m✓[39m src/core/ui/atoms/stack.test.tsx [2m([22m[2m3 tests[22m[2m)[22m[32m 34[2mms[22m[39m
 [32m✓[39m src/utils/auction.test.ts [2m([22m[2m6 tests[22m[2m)[22m[32m 4[2mms[22m[39m
 [32m✓[39m src/utils/caseConverter.test.ts [2m([22m[2m5 tests[22m[2m)[22m[32m 3[2mms[22m[39m
 [32m✓[39m src/api/buyer_auth.test.ts [2m([22m[2m3 tests[22m[2m)[22m[32m 2[2mms[22m[39m
 [32m✓[39m src/core/ui/atoms/card.test.tsx [2m([22m[2m3 tests[22m[2m)[22m[32m 16[2mms[22m[39m
 [32m✓[39m src/core/ui/molecules/modal.test.tsx [2m([22m[2m1 test[22m[2m)[22m[32m 15[2mms[22m[39m
 [32m✓[39m app/auctions/[id]/_hooks/useBidMutation.test.tsx [2m([22m[2m1 test[22m[2m)[22m[32m 10[2mms[22m[39m
 [32m✓[39m app/admin/_components/templates/AdminLayoutTemplate.test.tsx [2m([22m[2m1 test[22m[2m)[22m[32m 12[2mms[22m[39m

[2m Test Files [22m [1m[32m34 passed[39m[22m[90m (34)[39m
[2m      Tests [22m [1m[32m123 passed[39m[22m[90m (123)[39m
[2m   Start at [22m 20:08:20
[2m   Duration [22m 3.94s[2m (transform 2.01s, setup 1.75s, import 7.15s, tests 5.28s, environment 14.61s)[22m

